<html>
<body>
<pre>
<h1>µVision Build Log</h1>
<h2>Project:</h2>
C:\Keil\EE319K\Lab 1\SimpleProject.uvproj
Project File Date:  01/30/2013

<h2>Output:</h2>
Rebuild target 'SimpleProject'
assembling Startup.s...
assembling main.s...
linking...
Program Size: Code=412 RO-data=0 RW-data=4 ZI-data=1028  
"SimpleProject.axf" - 0 Error(s), 0 Warning(s).
Rebuild target 'SimpleProject'
assembling Startup.s...
assembling main.s...
linking...
Program Size: Code=412 RO-data=0 RW-data=0 ZI-data=1024  
"SimpleProject.axf" - 0 Error(s), 0 Warning(s).
