<html>
<body>
<pre>
<h1>µVision Build Log</h1>
<h2>Project:</h2>
C:\Users\Omar\Documents\GitHub\EE319K\Lab 7\Lab 7.uvproj
Project File Date:  04/03/2013

<h2>Output:</h2>
Rebuild target 'Lab7'
assembling Startup.s...
compiling SysTickInts.c...
SysTickInts.c(26): error:  #5: cannot open source input file "hw_types.h": No such file or directory
compiling Lab7.c...
Lab7.c(26): error:  #5: cannot open source input file "inc/hw_types.h": No such file or directory
compiling dac.c...
dac.c(11): warning:  #550-D: variable "count" was set but never used
compiling Piano.c...
Piano.c(15): warning:  #550-D: variable "count" was set but never used
compiling Sound.c...
Target not created
Rebuild target 'Lab7'
assembling Startup.s...
compiling SysTickInts.c...
SysTickInts.c(26): error:  #5: cannot open source input file "hw_types.h": No such file or directory
compiling Lab7.c...
Lab7.c(26): error:  #5: cannot open source input file "inc/hw_types.h": No such file or directory
compiling dac.c...
dac.c(11): warning:  #550-D: variable "count" was set but never used
compiling Piano.c...
Piano.c(15): warning:  #550-D: variable "count" was set but never used
compiling Sound.c...
Target not created
Rebuild target 'Lab7'
assembling Startup.s...
compiling SysTickInts.c...
compiling Lab7.c...
Lab7.c(70): error:  #20: identifier "GPIO_PORTG_DATA_R" is undefined
Lab7.c(71): error:  #65: expected a ";"
Lab7.c(72): error:  #65: expected a ";"
Lab7.c(73): error:  #65: expected a ";"
Lab7.c(74): error:  #65: expected a ";"
Lab7.c(78): warning:  #111-D: statement is unreachable
compiling dac.c...
dac.c(11): warning:  #550-D: variable "count" was set but never used
compiling Piano.c...
Piano.c(15): warning:  #550-D: variable "count" was set but never used
compiling Sound.c...
Target not created
Rebuild target 'Lab7'
assembling Startup.s...
compiling SysTickInts.c...
compiling Lab7.c...
Lab7.c(70): error:  #20: identifier "PIANO_IN" is undefined
Lab7.c(78): warning:  #111-D: statement is unreachable
compiling dac.c...
dac.c(11): warning:  #550-D: variable "count" was set but never used
compiling Piano.c...
Piano.c(15): warning:  #550-D: variable "count" was set but never used
compiling Sound.c...
Target not created
Rebuild target 'Lab7'
assembling Startup.s...
compiling SysTickInts.c...
compiling Lab7.c...
Lab7.c(69): error:  #20: identifier "PIANO_IN" is undefined
Lab7.c(77): warning:  #111-D: statement is unreachable
compiling dac.c...
dac.c(11): warning:  #550-D: variable "count" was set but never used
compiling Piano.c...
Piano.c(15): warning:  #550-D: variable "count" was set but never used
compiling Sound.c...
Target not created
Rebuild target 'Lab7'
assembling Startup.s...
compiling SysTickInts.c...
compiling Lab7.c...
Lab7.c(77): warning:  #111-D: statement is unreachable
compiling dac.c...
dac.c(11): warning:  #550-D: variable "count" was set but never used
compiling Piano.c...
Piano.c(15): warning:  #550-D: variable "count" was set but never used
compiling Sound.c...
linking...
Program Size: Code=1292 RO-data=176 RW-data=8 ZI-data=1024  
"Lab7.axf" - 0 Error(s), 3 Warning(s).
