<html>
<body>
<pre>
<h1>µVision Build Log</h1>
<h2>Project:</h2>
C:\Users\Kevin\Documents\GitHub\EE319K\Lab 7\Lab 7.uvproj
Project File Date:  04/03/2013

<h2>Output:</h2>
Rebuild target 'Lab7'
assembling Startup.s...
compiling SysTickInts.c...
compiling Lab7.c...
compiling dac.c...
dac.c(11): warning:  #550-D: variable "count" was set but never used
compiling Piano.c...
Piano.c(15): warning:  #550-D: variable "count" was set but never used
compiling Sound.c...
linking...
Program Size: Code=1260 RO-data=896 RW-data=8 ZI-data=1024  
"Lab7.axf" - 0 Error(s), 2 Warning(s).
