<html>
<body>
<pre>
<h1>µVision Build Log</h1>
<h2>Project:</h2>
C:\Users\Omar\Documents\GitHub\EE319K\Lab 3\Lab3.uvproj
Project File Date:  02/27/2013

<h2>Output:</h2>
Load "C:\\Users\\Omar\\Documents\\GitHub\\EE319K\\Lab 3\\Lab2.AXF" 
Connecting: Mode=JTAG, Speed=1000000Hz
Erase Done.
Programming Done.
Verify OK.
Rebuild target 'Lab2'
assembling Startup.s...
assembling main.s...
linking...
Program Size: Code=452 RO-data=0 RW-data=0 ZI-data=1024  
"Lab2.axf" - 0 Error(s), 0 Warning(s).
Load "C:\\Users\\Omar\\Documents\\GitHub\\EE319K\\Lab 3\\Lab2.AXF" 
Connecting: Mode=JTAG, Speed=1000000Hz
Erase Done.
Programming Done.
Verify OK.
Rebuild target 'Lab2'
assembling Startup.s...
assembling main.s...
linking...
Program Size: Code=452 RO-data=0 RW-data=0 ZI-data=1024  
"Lab2.axf" - 0 Error(s), 0 Warning(s).
Load "C:\\Users\\Omar\\Documents\\GitHub\\EE319K\\Lab 3\\Lab2.AXF" 
Connecting: Mode=JTAG, Speed=1000000Hz
Erase Done.
Programming Done.
Verify OK.
