Rebuild target 'Lab3'
assembling Startup.s...
assembling main.s...
main.s(17): error: A1108E: Multiply defined symbol 'GPIO_PORTE_PUR_R'
Target not created
Rebuild target 'Lab3'
assembling Startup.s...
assembling main.s...
main.s(63): error: A1516E: Bad symbol 'GPIO_PORTE_2', not defined or external
Target not created
Rebuild target 'Lab3'
assembling Startup.s...
assembling main.s...
linking...
Program Size: Code=504 RO-data=0 RW-data=0 ZI-data=1024  
"Lab3.axf" - 0 Error(s), 0 Warning(s).
Rebuild target 'Lab3'
assembling Startup.s...
assembling main.s...
linking...
Program Size: Code=500 RO-data=0 RW-data=0 ZI-data=1024  
"Lab3.axf" - 0 Error(s), 0 Warning(s).
Load "C:\\Users\\Kevin\\Documents\\GitHub\\EE319K\\Lab 3\\Lab3.AXF" 
Connecting: Mode=JTAG, Speed=1000000Hz
Connection failed!, error code=&d
Rebuild target 'Lab3'
assembling Startup.s...
assembling main.s...
linking...
Program Size: Code=500 RO-data=0 RW-data=0 ZI-data=1024  
"Lab3.axf" - 0 Error(s), 0 Warning(s).
Rebuild target 'Lab3'
assembling Startup.s...
assembling main.s...
linking...
Program Size: Code=500 RO-data=0 RW-data=0 ZI-data=1024  
"Lab3.axf" - 0 Error(s), 0 Warning(s).
Rebuild target 'Lab3'
assembling Startup.s...
assembling main.s...
linking...
Program Size: Code=500 RO-data=0 RW-data=0 ZI-data=1024  
"Lab3.axf" - 0 Error(s), 0 Warning(s).
Rebuild target 'Lab3'
assembling Startup.s...
assembling main.s...
linking...
Program Size: Code=500 RO-data=0 RW-data=0 ZI-data=1024  
"Lab3.axf" - 0 Error(s), 0 Warning(s).
Build target 'Lab3'
assembling main.s...
linking...
Program Size: Code=500 RO-data=0 RW-data=0 ZI-data=1024  
"Lab3.axf" - 0 Error(s), 0 Warning(s).
Rebuild target 'Lab3'
assembling Startup.s...
assembling main.s...
linking...
Program Size: Code=500 RO-data=0 RW-data=0 ZI-data=1024  
"Lab3.axf" - 0 Error(s), 0 Warning(s).
Rebuild target 'Lab3'
assembling Startup.s...
assembling main.s...
main.s(38): error: A1516E: Bad symbol 'SYSCTL_RCGC2_GPIOG', not defined or external
Target not created
Rebuild target 'Lab3'
assembling Startup.s...
assembling main.s...
main.s(38): error: A1516E: Bad symbol 'SYSCTL_RCGC2_GPIOG', not defined or external
Target not created
Rebuild target 'Lab3'
assembling Startup.s...
assembling main.s...
linking...
Program Size: Code=500 RO-data=0 RW-data=0 ZI-data=1024  
"Lab3.axf" - 0 Error(s), 0 Warning(s).
Rebuild target 'Lab3'
assembling Startup.s...
assembling main.s...
linking...
Program Size: Code=500 RO-data=0 RW-data=0 ZI-data=1024  
"Lab3.axf" - 0 Error(s), 0 Warning(s).
Rebuild target 'Lab3'
assembling Startup.s...
assembling main.s...
linking...
Program Size: Code=500 RO-data=0 RW-data=0 ZI-data=1024  
"Lab3.axf" - 0 Error(s), 0 Warning(s).
Load "C:\\Users\\Kevin\\Documents\\GitHub\\EE319K\\Lab 3\\Lab3.AXF" 
Connecting: Mode=JTAG, Speed=1000000Hz
Connection failed!, error code=&d
Load "C:\\Users\\Kevin\\Documents\\GitHub\\EE319K\\Lab 3\\Lab3.AXF" 
Connecting: Mode=JTAG, Speed=1000000Hz
Erase Done.
Programming Done.
Verify OK.
Rebuild target 'Lab3'
assembling Startup.s...
assembling main.s...
linking...
Program Size: Code=504 RO-data=0 RW-data=0 ZI-data=1024  
"Lab3.axf" - 0 Error(s), 0 Warning(s).
Rebuild target 'Lab3'
assembling Startup.s...
assembling main.s...
linking...
Program Size: Code=516 RO-data=0 RW-data=0 ZI-data=1024  
"Lab3.axf" - 0 Error(s), 0 Warning(s).
Load "C:\\Users\\Kevin\\Documents\\GitHub\\EE319K\\Lab 3\\Lab3.AXF" 
Connecting: Mode=JTAG, Speed=1000000Hz
Erase Done.
Programming Done.
Verify OK.
Rebuild target 'Lab3'
assembling Startup.s...
assembling main.s...
linking...
Program Size: Code=516 RO-data=0 RW-data=0 ZI-data=1024  
"Lab3.axf" - 0 Error(s), 0 Warning(s).
Load "C:\\Users\\Kevin\\Documents\\GitHub\\EE319K\\Lab 3\\Lab3.AXF" 
Connecting: Mode=JTAG, Speed=1000000Hz
Erase Done.
Programming Done.
Verify OK.
Rebuild target 'Lab3'
assembling Startup.s...
assembling main.s...
linking...
Program Size: Code=520 RO-data=0 RW-data=0 ZI-data=1024  
"Lab3.axf" - 0 Error(s), 0 Warning(s).
Load "C:\\Users\\Kevin\\Documents\\GitHub\\EE319K\\Lab 3\\Lab3.AXF" 
Connecting: Mode=JTAG, Speed=1000000Hz
Erase Done.
Programming Done.
Verify OK.
Rebuild target 'Lab3'
assembling Startup.s...
assembling main.s...
linking...
Program Size: Code=520 RO-data=0 RW-data=0 ZI-data=1024  
"Lab3.axf" - 0 Error(s), 0 Warning(s).
Load "C:\\Users\\Kevin\\Documents\\GitHub\\EE319K\\Lab 3\\Lab3.AXF" 
Connecting: Mode=JTAG, Speed=1000000Hz
Erase Done.
Programming Done.
Verify OK.
Rebuild target 'Lab3'
assembling Startup.s...
assembling main.s...
linking...
Program Size: Code=520 RO-data=0 RW-data=0 ZI-data=1024  
"Lab3.axf" - 0 Error(s), 0 Warning(s).
Load "C:\\Users\\Kevin\\Documents\\GitHub\\EE319K\\Lab 3\\Lab3.AXF" 
Connecting: Mode=JTAG, Speed=1000000Hz
Erase Done.
Programming Done.
Verify OK.
Rebuild target 'Lab3'
assembling Startup.s...
assembling main.s...
linking...
Program Size: Code=516 RO-data=0 RW-data=0 ZI-data=1024  
"Lab3.axf" - 0 Error(s), 0 Warning(s).
Rebuild target 'Lab3'
assembling Startup.s...
assembling main.s...
linking...
Program Size: Code=516 RO-data=0 RW-data=0 ZI-data=1024  
"Lab3.axf" - 0 Error(s), 0 Warning(s).
Load "C:\\Users\\Kevin\\Documents\\GitHub\\EE319K\\Lab 3\\Lab3.AXF" 
Connecting: Mode=JTAG, Speed=1000000Hz
Erase Done.
Programming Done.
Verify OK.
Rebuild target 'Lab3'
assembling Startup.s...
assembling main.s...
linking...
Program Size: Code=516 RO-data=0 RW-data=0 ZI-data=1024  
"Lab3.axf" - 0 Error(s), 0 Warning(s).
Load "C:\\Users\\Kevin\\Documents\\GitHub\\EE319K\\Lab 3\\Lab3.AXF" 
Connecting: Mode=JTAG, Speed=1000000Hz
Erase Done.
Programming Done.
Verify OK.
Rebuild target 'Lab3'
assembling Startup.s...
assembling main.s...
linking...
Program Size: Code=516 RO-data=0 RW-data=0 ZI-data=1024  
"Lab3.axf" - 0 Error(s), 0 Warning(s).
Load "C:\\Users\\Kevin\\Documents\\GitHub\\EE319K\\Lab 3\\Lab3.AXF" 
Connecting: Mode=JTAG, Speed=1000000Hz
Erase Done.
Programming Done.
Verify OK.
Rebuild target 'Lab3'
assembling Startup.s...
assembling main.s...
linking...
Program Size: Code=516 RO-data=0 RW-data=0 ZI-data=1024  
"Lab3.axf" - 0 Error(s), 0 Warning(s).
Rebuild target 'Lab3'
assembling Startup.s...
assembling main.s...
linking...
Program Size: Code=528 RO-data=0 RW-data=0 ZI-data=1024  
"Lab3.axf" - 0 Error(s), 0 Warning(s).
Load "C:\\Users\\Kevin\\Documents\\GitHub\\EE319K\\Lab 3\\Lab3.AXF" 
Connecting: Mode=JTAG, Speed=1000000Hz
Erase Done.
Programming Done.
Verify OK.
Rebuild target 'Lab3'
assembling Startup.s...
assembling main.s...
linking...
Program Size: Code=528 RO-data=0 RW-data=0 ZI-data=1024  
"Lab3.axf" - 0 Error(s), 0 Warning(s).
Rebuild target 'Lab3'
assembling Startup.s...
assembling main.s...
linking...
Program Size: Code=528 RO-data=0 RW-data=0 ZI-data=1024  
"Lab3.axf" - 0 Error(s), 0 Warning(s).
Load "C:\\Users\\Kevin\\Documents\\GitHub\\EE319K\\Lab 3\\Lab3.AXF" 
Connecting: Mode=JTAG, Speed=1000000Hz
Erase Done.
Programming Done.
Verify OK.
Rebuild target 'Lab3'
assembling Startup.s...
assembling main.s...
linking...
Program Size: Code=528 RO-data=0 RW-data=0 ZI-data=1024  
"Lab3.axf" - 0 Error(s), 0 Warning(s).
