<html>
<body>
<pre>
<h1>µVision Build Log</h1>
<h2>Project:</h2>
C:\Users\Omar\Documents\GitHub\EE319K\Lab 4\Lab3.uvproj
Project File Date:  02/27/2013

<h2>Output:</h2>
Load "C:\\Users\\Omar\\Documents\\GitHub\\EE319K\\Lab 4\\Lab4.AXF" 
Connecting: Mode=JTAG, Speed=1000000Hz
Erase Done.
Programming Done.
Verify OK.
Load "C:\\Users\\Omar\\Documents\\GitHub\\EE319K\\Lab 4\\Lab4.AXF" 
Connecting: Mode=JTAG, Speed=1000000Hz
Erase Done.
Programming Done.
Verify OK.
Rebuild target 'Lab4'
assembling Startup.s...
assembling main.s...
assembling Debug.s...
assembling PLL.s...
assembling SysTick.s...
SysTick.s(67): warning: A1876W: Use of '|' as a synonym for the :OR: operator is deprecated.
linking...
Program Size: Code=776 RO-data=0 RW-data=408 ZI-data=1024  
"Lab4.axf" - 0 Error(s), 1 Warning(s).
Load "C:\\Users\\Omar\\Documents\\GitHub\\EE319K\\Lab 4\\Lab4.AXF" 
Connecting: Mode=JTAG, Speed=1000000Hz
Erase Done.
Programming Done.
Verify OK.
Rebuild target 'Lab4'
assembling Startup.s...
assembling main.s...
assembling Debug.s...
assembling PLL.s...
assembling SysTick.s...
SysTick.s(67): warning: A1876W: Use of '|' as a synonym for the :OR: operator is deprecated.
linking...
Program Size: Code=776 RO-data=0 RW-data=408 ZI-data=1024  
"Lab4.axf" - 0 Error(s), 1 Warning(s).
Load "C:\\Users\\Omar\\Documents\\GitHub\\EE319K\\Lab 4\\Lab4.AXF" 
Connecting: Mode=JTAG, Speed=1000000Hz
Erase Done.
Programming Done.
Verify OK.
Rebuild target 'Lab4'
assembling Startup.s...
assembling main.s...
assembling Debug.s...
assembling PLL.s...
assembling SysTick.s...
SysTick.s(67): warning: A1876W: Use of '|' as a synonym for the :OR: operator is deprecated.
linking...
Program Size: Code=772 RO-data=0 RW-data=408 ZI-data=1024  
"Lab4.axf" - 0 Error(s), 1 Warning(s).
Load "C:\\Users\\Omar\\Documents\\GitHub\\EE319K\\Lab 4\\Lab4.AXF" 
Connecting: Mode=JTAG, Speed=1000000Hz
Erase Done.
Programming Done.
Verify OK.
Rebuild target 'Lab4'
assembling Startup.s...
assembling main.s...
assembling Debug.s...
assembling PLL.s...
assembling SysTick.s...
SysTick.s(67): warning: A1876W: Use of '|' as a synonym for the :OR: operator is deprecated.
linking...
Program Size: Code=772 RO-data=0 RW-data=408 ZI-data=1024  
"Lab4.axf" - 0 Error(s), 1 Warning(s).
Load "C:\\Users\\Omar\\Documents\\GitHub\\EE319K\\Lab 4\\Lab4.AXF" 
Connecting: Mode=JTAG, Speed=1000000Hz
Erase Done.
Programming Done.
Verify OK.
Build target 'Lab4'
assembling main.s...
linking...
Program Size: Code=776 RO-data=0 RW-data=408 ZI-data=1024  
"Lab4.axf" - 0 Error(s), 0 Warning(s).
Rebuild target 'Lab4'
assembling Startup.s...
assembling main.s...
assembling Debug.s...
assembling PLL.s...
assembling SysTick.s...
SysTick.s(67): warning: A1876W: Use of '|' as a synonym for the :OR: operator is deprecated.
linking...
Program Size: Code=776 RO-data=0 RW-data=408 ZI-data=1024  
"Lab4.axf" - 0 Error(s), 1 Warning(s).
Load "C:\\Users\\Omar\\Documents\\GitHub\\EE319K\\Lab 4\\Lab4.AXF" 
Connecting: Mode=JTAG, Speed=1000000Hz
Erase Done.
Programming Done.
Verify OK.
Rebuild target 'Lab4'
assembling Startup.s...
assembling main.s...
assembling Debug.s...
assembling PLL.s...
assembling SysTick.s...
SysTick.s(67): warning: A1876W: Use of '|' as a synonym for the :OR: operator is deprecated.
linking...
Program Size: Code=772 RO-data=0 RW-data=408 ZI-data=1024  
"Lab4.axf" - 0 Error(s), 1 Warning(s).
Load "C:\\Users\\Omar\\Documents\\GitHub\\EE319K\\Lab 4\\Lab4.AXF" 
Connecting: Mode=JTAG, Speed=1000000Hz
Erase Done.
Programming Done.
Verify OK.
Rebuild target 'Lab4'
assembling Startup.s...
assembling main.s...
main.s(85): error: A1137E: Unexpected characters at end of line
assembling Debug.s...
assembling PLL.s...
assembling SysTick.s...
SysTick.s(67): warning: A1876W: Use of '|' as a synonym for the :OR: operator is deprecated.
Target not created
Rebuild target 'Lab4'
assembling Startup.s...
assembling main.s...
assembling Debug.s...
assembling PLL.s...
assembling SysTick.s...
SysTick.s(67): warning: A1876W: Use of '|' as a synonym for the :OR: operator is deprecated.
linking...
Program Size: Code=772 RO-data=0 RW-data=408 ZI-data=1024  
"Lab4.axf" - 0 Error(s), 1 Warning(s).
Load "C:\\Users\\Omar\\Documents\\GitHub\\EE319K\\Lab 4\\Lab4.AXF" 
Connecting: Mode=JTAG, Speed=1000000Hz
Erase Done.
Programming Done.
Verify OK.
Rebuild target 'Lab4'
assembling Startup.s...
assembling main.s...
assembling Debug.s...
assembling PLL.s...
assembling SysTick.s...
SysTick.s(67): warning: A1876W: Use of '|' as a synonym for the :OR: operator is deprecated.
linking...
Program Size: Code=776 RO-data=0 RW-data=408 ZI-data=1024  
"Lab4.axf" - 0 Error(s), 1 Warning(s).
Load "C:\\Users\\Omar\\Documents\\GitHub\\EE319K\\Lab 4\\Lab4.AXF" 
Connecting: Mode=JTAG, Speed=1000000Hz
Erase Done.
Programming Done.
Verify OK.
Rebuild target 'Lab4'
assembling Startup.s...
assembling main.s...
assembling Debug.s...
Debug.s(27): error: A1647E: Bad register name symbol, expected Integer register
assembling PLL.s...
assembling SysTick.s...
SysTick.s(67): warning: A1876W: Use of '|' as a synonym for the :OR: operator is deprecated.
Target not created
Load "C:\\Users\\Omar\\Documents\\GitHub\\EE319K\\Lab 4\\Lab4.AXF" 
_____^
*** error 56: cannot open file
Rebuild target 'Lab4'
assembling Startup.s...
assembling main.s...
assembling Debug.s...
Debug.s(27): error: A1647E: Bad register name symbol, expected Integer register
assembling PLL.s...
assembling SysTick.s...
SysTick.s(67): warning: A1876W: Use of '|' as a synonym for the :OR: operator is deprecated.
Target not created
Rebuild target 'Lab4'
assembling Startup.s...
assembling main.s...
assembling Debug.s...
assembling PLL.s...
assembling SysTick.s...
SysTick.s(67): warning: A1876W: Use of '|' as a synonym for the :OR: operator is deprecated.
linking...
Program Size: Code=788 RO-data=0 RW-data=408 ZI-data=1024  
"Lab4.axf" - 0 Error(s), 1 Warning(s).
Load "C:\\Users\\Omar\\Documents\\GitHub\\EE319K\\Lab 4\\Lab4.AXF" 
Connecting: Mode=JTAG, Speed=1000000Hz
Erase Done.
Programming Done.
Verify OK.
Rebuild target 'Lab4'
assembling Startup.s...
assembling main.s...
assembling Debug.s...
assembling PLL.s...
assembling SysTick.s...
SysTick.s(67): warning: A1876W: Use of '|' as a synonym for the :OR: operator is deprecated.
linking...
Program Size: Code=788 RO-data=0 RW-data=408 ZI-data=1024  
"Lab4.axf" - 0 Error(s), 1 Warning(s).
Load "C:\\Users\\Omar\\Documents\\GitHub\\EE319K\\Lab 4\\Lab4.AXF" 
Connecting: Mode=JTAG, Speed=1000000Hz
Erase Done.
Programming Done.
Verify OK.
Rebuild target 'Lab4'
assembling Startup.s...
assembling main.s...
assembling Debug.s...
assembling PLL.s...
assembling SysTick.s...
SysTick.s(67): warning: A1876W: Use of '|' as a synonym for the :OR: operator is deprecated.
linking...
Program Size: Code=788 RO-data=0 RW-data=408 ZI-data=1024  
"Lab4.axf" - 0 Error(s), 1 Warning(s).
Load "C:\\Users\\Omar\\Documents\\GitHub\\EE319K\\Lab 4\\Lab4.AXF" 
Connecting: Mode=JTAG, Speed=1000000Hz
Erase Done.
Programming Done.
Verify OK.
Load "C:\\Users\\Omar\\Documents\\GitHub\\EE319K\\Lab 4\\Lab4.AXF" 
Connecting: Mode=JTAG, Speed=1000000Hz
Erase Done.
Programming Done.
Verify OK.
Rebuild target 'Lab4'
assembling Startup.s...
assembling main.s...
assembling Debug.s...
assembling PLL.s...
assembling SysTick.s...
SysTick.s(67): warning: A1876W: Use of '|' as a synonym for the :OR: operator is deprecated.
linking...
Program Size: Code=788 RO-data=0 RW-data=408 ZI-data=1024  
"Lab4.axf" - 0 Error(s), 1 Warning(s).
Load "C:\\Users\\Omar\\Documents\\GitHub\\EE319K\\Lab 4\\Lab4.AXF" 
Connecting: Mode=JTAG, Speed=1000000Hz
Erase Done.
Programming Done.
Verify OK.
Rebuild target 'Lab4'
assembling Startup.s...
assembling main.s...
assembling Debug.s...
assembling PLL.s...
assembling SysTick.s...
SysTick.s(67): warning: A1876W: Use of '|' as a synonym for the :OR: operator is deprecated.
linking...
Program Size: Code=788 RO-data=0 RW-data=260 ZI-data=1028  
"Lab4.axf" - 0 Error(s), 1 Warning(s).
Load "C:\\Users\\Omar\\Documents\\GitHub\\EE319K\\Lab 4\\Lab4.AXF" 
Connecting: Mode=JTAG, Speed=1000000Hz
Erase Done.
Programming Done.
Verify OK.
Rebuild target 'Lab4'
assembling Startup.s...
assembling main.s...
assembling Debug.s...
Debug.s(56): warning: A1865W: '#' not seen before constant expression
assembling PLL.s...
assembling SysTick.s...
SysTick.s(67): warning: A1876W: Use of '|' as a synonym for the :OR: operator is deprecated.
linking...
Program Size: Code=804 RO-data=0 RW-data=260 ZI-data=1028  
"Lab4.axf" - 0 Error(s), 2 Warning(s).
Load "C:\\Users\\Omar\\Documents\\GitHub\\EE319K\\Lab 4\\Lab4.AXF" 
Connecting: Mode=JTAG, Speed=1000000Hz
Erase Done.
Programming Done.
Verify OK.
Rebuild target 'Lab4'
assembling Startup.s...
assembling main.s...
assembling Debug.s...
Debug.s(56): warning: A1865W: '#' not seen before constant expression
assembling PLL.s...
assembling SysTick.s...
SysTick.s(67): warning: A1876W: Use of '|' as a synonym for the :OR: operator is deprecated.
linking...
Program Size: Code=804 RO-data=0 RW-data=260 ZI-data=1028  
"Lab4.axf" - 0 Error(s), 2 Warning(s).
Load "C:\\Users\\Omar\\Documents\\GitHub\\EE319K\\Lab 4\\Lab4.AXF" 
Connecting: Mode=JTAG, Speed=1000000Hz
Erase Done.
Programming Done.
Verify OK.
Rebuild target 'Lab4'
assembling Startup.s...
assembling main.s...
assembling Debug.s...
assembling PLL.s...
assembling SysTick.s...
SysTick.s(67): warning: A1876W: Use of '|' as a synonym for the :OR: operator is deprecated.
linking...
Program Size: Code=788 RO-data=0 RW-data=260 ZI-data=1028  
"Lab4.axf" - 0 Error(s), 1 Warning(s).
Load "C:\\Users\\Omar\\Documents\\GitHub\\EE319K\\Lab 4\\Lab4.AXF" 
Connecting: Mode=JTAG, Speed=1000000Hz
Erase Done.
Programming Done.
Verify OK.
Rebuild target 'Lab4'
assembling Startup.s...
assembling main.s...
assembling Debug.s...
Debug.s(32): error: A1516E: Bad symbol 'SYSCTL_RCGC2_GPIOE', not defined or external
Debug.s(57): error: A1516E: Bad symbol 'GPIO_PORTG_AFSEL_R', not defined or external
Debug.s(62): error: A1516E: Bad symbol 'GPIO_PORTG_DIR_R', not defined or external
Debug.s(67): error: A1516E: Bad symbol 'GPIO_PORTG_PUR_R', not defined or external
Debug.s(72): error: A1516E: Bad symbol 'GPIO_PORTG_DEN_R', not defined or external
assembling PLL.s...
assembling SysTick.s...
SysTick.s(67): warning: A1876W: Use of '|' as a synonym for the :OR: operator is deprecated.
Target not created
Rebuild target 'Lab4'
assembling Startup.s...
assembling main.s...
assembling Debug.s...
Debug.s(32): error: A1516E: Bad symbol 'SYSCTL_RCGC2_GPIOE', not defined or external
Debug.s(72): error: A1516E: Bad symbol 'GPIO_PORTG_DEN_R', not defined or external
assembling PLL.s...
assembling SysTick.s...
SysTick.s(67): warning: A1876W: Use of '|' as a synonym for the :OR: operator is deprecated.
Target not created
Rebuild target 'Lab4'
assembling Startup.s...
assembling main.s...
assembling Debug.s...
Debug.s(72): error: A1516E: Bad symbol 'GPIO_PORTG_DEN_R', not defined or external
assembling PLL.s...
assembling SysTick.s...
SysTick.s(67): warning: A1876W: Use of '|' as a synonym for the :OR: operator is deprecated.
Target not created
Rebuild target 'Lab4'
assembling Startup.s...
assembling main.s...
assembling Debug.s...
Debug.s(73): error: A1516E: Bad symbol 'GPIO_PORTG_DEN_R', not defined or external
assembling PLL.s...
assembling SysTick.s...
SysTick.s(67): warning: A1876W: Use of '|' as a synonym for the :OR: operator is deprecated.
Target not created
Rebuild target 'Lab4'
assembling Startup.s...
assembling main.s...
assembling Debug.s...
assembling PLL.s...
assembling SysTick.s...
SysTick.s(67): warning: A1876W: Use of '|' as a synonym for the :OR: operator is deprecated.
linking...
Program Size: Code=856 RO-data=0 RW-data=260 ZI-data=1028  
"Lab4.axf" - 0 Error(s), 1 Warning(s).
Load "C:\\Users\\Omar\\Documents\\GitHub\\EE319K\\Lab 4\\Lab4.AXF" 
Connecting: Mode=JTAG, Speed=1000000Hz
Erase Done.
Programming Done.
Verify OK.
Rebuild target 'Lab4'
assembling Startup.s...
assembling main.s...
assembling Debug.s...
Debug.s(85): warning: A1865W: '#' not seen before constant expression
assembling PLL.s...
assembling SysTick.s...
SysTick.s(67): warning: A1876W: Use of '|' as a synonym for the :OR: operator is deprecated.
linking...
Program Size: Code=872 RO-data=0 RW-data=260 ZI-data=1028  
"Lab4.axf" - 0 Error(s), 2 Warning(s).
Load "C:\\Users\\Omar\\Documents\\GitHub\\EE319K\\Lab 4\\Lab4.AXF" 
Connecting: Mode=JTAG, Speed=1000000Hz
Erase Done.
Programming Done.
Verify OK.
Rebuild target 'Lab4'
assembling Startup.s...
assembling main.s...
assembling Debug.s...
assembling PLL.s...
assembling SysTick.s...
SysTick.s(67): warning: A1876W: Use of '|' as a synonym for the :OR: operator is deprecated.
linking...
Program Size: Code=872 RO-data=0 RW-data=260 ZI-data=1028  
"Lab4.axf" - 0 Error(s), 1 Warning(s).
Load "C:\\Users\\Omar\\Documents\\GitHub\\EE319K\\Lab 4\\Lab4.AXF" 
Connecting: Mode=JTAG, Speed=1000000Hz
Erase Done.
Programming Done.
Verify OK.
Rebuild target 'Lab4'
assembling Startup.s...
assembling main.s...
assembling Debug.s...
assembling PLL.s...
assembling SysTick.s...
SysTick.s(67): warning: A1876W: Use of '|' as a synonym for the :OR: operator is deprecated.
linking...
Program Size: Code=884 RO-data=0 RW-data=260 ZI-data=1028  
"Lab4.axf" - 0 Error(s), 1 Warning(s).
Load "C:\\Users\\Omar\\Documents\\GitHub\\EE319K\\Lab 4\\Lab4.AXF" 
Connecting: Mode=JTAG, Speed=1000000Hz
Erase Done.
Programming Done.
Verify OK.
Rebuild target 'Lab4'
assembling Startup.s...
assembling main.s...
assembling Debug.s...
assembling PLL.s...
assembling SysTick.s...
SysTick.s(67): warning: A1876W: Use of '|' as a synonym for the :OR: operator is deprecated.
linking...
Program Size: Code=884 RO-data=0 RW-data=260 ZI-data=1028  
"Lab4.axf" - 0 Error(s), 1 Warning(s).
Load "C:\\Users\\Omar\\Documents\\GitHub\\EE319K\\Lab 4\\Lab4.AXF" 
Connecting: Mode=JTAG, Speed=1000000Hz
Erase Done.
Programming Done.
Verify OK.
