ARM Linker, 5.02 [Build 28] [MDK-ARM Lite]

==============================================================================

Section Cross References

    startup.o(RESET) refers to startup.o(STACK) for StackMem
    startup.o(RESET) refers to main.o(.text) for Start
    main.o(.text) refers to pll.o(.text) for PLL_Init
    main.o(.text) refers to debug.o(.text) for Debug_Init
    debug.o(.text) refers to systick.o(.text) for SysTick_Init
    debug.o(.text) refers to debug.o(DATA) for TimeBuffer


==============================================================================

Image Symbol Table

    Local Symbols

    Symbol Name                              Value     Ov Type        Size  Object(Section)

    RESET                                    0x00000000   Section      308  startup.o(RESET)
    Debug.s                                  0x00000000   Number         0  debug.o ABSOLUTE
    PLL.s                                    0x00000000   Number         0  pll.o ABSOLUTE
    Startup.s                                0x00000000   Number         0  startup.o ABSOLUTE
    SysTick.s                                0x00000000   Number         0  systick.o ABSOLUTE
    main.s                                   0x00000000   Number         0  main.o ABSOLUTE
    .text                                    0x00000134   Section      164  main.o(.text)
    .text                                    0x000001d8   Section      236  debug.o(.text)
    .text                                    0x000002c4   Section       80  pll.o(.text)
    .text                                    0x00000314   Section       96  systick.o(.text)
    DATA                                     0x20000000   Section      258  debug.o(DATA)
    DataBuffer                               0x20000000   Data           0  debug.o(DATA)
    TimeBuffer                               0x20000032   Data           0  debug.o(DATA)
    DataPt                                   0x200000fa   Data           0  debug.o(DATA)
    TimePt                                   0x200000fe   Data           0  debug.o(DATA)
    STACK                                    0x20000108   Section     1024  startup.o(STACK)
    StackMem                                 0x20000108   Data           0  startup.o(STACK)

    Global Symbols

    Symbol Name                              Value     Ov Type        Size  Object(Section)

    BuildAttributes$$THM_ISAv4$P$D$K$B$S$PE$A:L22UL41UL21$X:L11$S22US41US21$IEEE1$IW$USESV6$~STKCKD$USESV7$~SHL$OSPACE$EBA8$STANDARDLIB$EABIv2 0x00000000   Number         0  anon$$obj.o ABSOLUTE
    __Vectors                                0x00000000   Data           0  startup.o(RESET)
    Reset_Handler                            0x00000101   Thumb Code     0  startup.o(RESET)
    NMI_Handler                              0x00000105   Thumb Code     2  startup.o(RESET)
    HardFault_Handler                        0x00000107   Thumb Code     2  startup.o(RESET)
    MemManage_Handler                        0x00000109   Thumb Code     2  startup.o(RESET)
    BusFault_Handler                         0x0000010b   Thumb Code     2  startup.o(RESET)
    UsageFault_Handler                       0x0000010d   Thumb Code     2  startup.o(RESET)
    SVC_Handler                              0x0000010f   Thumb Code     2  startup.o(RESET)
    DebugMon_Handler                         0x00000111   Thumb Code     2  startup.o(RESET)
    PendSV_Handler                           0x00000113   Thumb Code     2  startup.o(RESET)
    SysTick_Handler                          0x00000115   Thumb Code     2  startup.o(RESET)
    ADC0_Handler                             0x00000117   Thumb Code     0  startup.o(RESET)
    ADC1_Handler                             0x00000117   Thumb Code     0  startup.o(RESET)
    ADC2_Handler                             0x00000117   Thumb Code     0  startup.o(RESET)
    ADC3_Handler                             0x00000117   Thumb Code     0  startup.o(RESET)
    CAN0_Handler                             0x00000117   Thumb Code     0  startup.o(RESET)
    CAN1_Handler                             0x00000117   Thumb Code     0  startup.o(RESET)
    CAN2_Handler                             0x00000117   Thumb Code     0  startup.o(RESET)
    Comp0_Handler                            0x00000117   Thumb Code     0  startup.o(RESET)
    Comp1_Handler                            0x00000117   Thumb Code     0  startup.o(RESET)
    Comp2_Handler                            0x00000117   Thumb Code     0  startup.o(RESET)
    Ethernet_Handler                         0x00000117   Thumb Code     0  startup.o(RESET)
    FlashCtl_Handler                         0x00000117   Thumb Code     0  startup.o(RESET)
    GPIOPortA_Handler                        0x00000117   Thumb Code     0  startup.o(RESET)
    GPIOPortB_Handler                        0x00000117   Thumb Code     0  startup.o(RESET)
    GPIOPortC_Handler                        0x00000117   Thumb Code     0  startup.o(RESET)
    GPIOPortD_Handler                        0x00000117   Thumb Code     0  startup.o(RESET)
    GPIOPortE_Handler                        0x00000117   Thumb Code     0  startup.o(RESET)
    GPIOPortF_Handler                        0x00000117   Thumb Code     0  startup.o(RESET)
    GPIOPortG_Handler                        0x00000117   Thumb Code     0  startup.o(RESET)
    GPIOPortH_Handler                        0x00000117   Thumb Code     0  startup.o(RESET)
    Hibernate_Handler                        0x00000117   Thumb Code     0  startup.o(RESET)
    I2C0_Handler                             0x00000117   Thumb Code     0  startup.o(RESET)
    I2C1_Handler                             0x00000117   Thumb Code     0  startup.o(RESET)
    PWM0_Handler                             0x00000117   Thumb Code     0  startup.o(RESET)
    PWM1_Handler                             0x00000117   Thumb Code     0  startup.o(RESET)
    PWM2_Handler                             0x00000117   Thumb Code     0  startup.o(RESET)
    PWM3_Handler                             0x00000117   Thumb Code     0  startup.o(RESET)
    PWMFault_Handler                         0x00000117   Thumb Code     0  startup.o(RESET)
    Quadrature0_Handler                      0x00000117   Thumb Code     0  startup.o(RESET)
    Quadrature1_Handler                      0x00000117   Thumb Code     0  startup.o(RESET)
    SSI0_Handler                             0x00000117   Thumb Code     0  startup.o(RESET)
    SSI1_Handler                             0x00000117   Thumb Code     0  startup.o(RESET)
    SysCtl_Handler                           0x00000117   Thumb Code     0  startup.o(RESET)
    Timer0A_Handler                          0x00000117   Thumb Code     0  startup.o(RESET)
    Timer0B_Handler                          0x00000117   Thumb Code     0  startup.o(RESET)
    Timer1A_Handler                          0x00000117   Thumb Code     0  startup.o(RESET)
    Timer1B_Handler                          0x00000117   Thumb Code     0  startup.o(RESET)
    Timer2A_Handler                          0x00000117   Thumb Code     0  startup.o(RESET)
    Timer2B_Handler                          0x00000117   Thumb Code     0  startup.o(RESET)
    Timer3A_Handler                          0x00000117   Thumb Code     0  startup.o(RESET)
    Timer3B_Handler                          0x00000117   Thumb Code     0  startup.o(RESET)
    UART0_Handler                            0x00000117   Thumb Code     0  startup.o(RESET)
    UART1_Handler                            0x00000117   Thumb Code     0  startup.o(RESET)
    UART2_Handler                            0x00000117   Thumb Code     0  startup.o(RESET)
    USB0_Handler                             0x00000117   Thumb Code     0  startup.o(RESET)
    WDT_Handler                              0x00000117   Thumb Code     0  startup.o(RESET)
    uDMA_Error                               0x00000117   Thumb Code     0  startup.o(RESET)
    uDMA_Handler                             0x00000117   Thumb Code     0  startup.o(RESET)
    DisableInterrupts                        0x00000119   Thumb Code     0  startup.o(RESET)
    EnableInterrupts                         0x0000011d   Thumb Code     0  startup.o(RESET)
    StartCritical                            0x00000121   Thumb Code     0  startup.o(RESET)
    EndCritical                              0x00000129   Thumb Code     0  startup.o(RESET)
    WaitForInterrupt                         0x0000012f   Thumb Code     0  startup.o(RESET)
    Start                                    0x00000135   Thumb Code     0  main.o(.text)
    Debug_Init                               0x000001d9   Thumb Code     0  debug.o(.text)
    Debug_Capture                            0x00000245   Thumb Code     0  debug.o(.text)
    PLL_Init                                 0x000002c5   Thumb Code     0  pll.o(.text)
    SysTick_Init                             0x00000315   Thumb Code     0  systick.o(.text)
    SysTick_Wait                             0x00000335   Thumb Code     0  systick.o(.text)
    SysTick_Wait10ms                         0x00000349   Thumb Code     0  systick.o(.text)



==============================================================================

Memory Map of the image

  Image Entry point : 0x00000101

  Load Region LR_1 (Base: 0x00000000, Size: 0x00000478, Max: 0xffffffff, ABSOLUTE)

    Execution Region ER_RO (Base: 0x00000000, Size: 0x00000374, Max: 0xffffffff, ABSOLUTE)

    Base Addr    Size         Type   Attr      Idx    E Section Name        Object

    0x00000000   0x00000134   Code   RO            2  * RESET               startup.o
    0x00000134   0x000000a4   Code   RO            8    .text               main.o
    0x000001d8   0x000000ec   Code   RO           12    .text               debug.o
    0x000002c4   0x00000050   Code   RO           15    .text               pll.o
    0x00000314   0x00000060   Code   RO           18    .text               systick.o


    Execution Region ER_RW (Base: 0x20000000, Size: 0x00000104, Max: 0xffffffff, ABSOLUTE)

    Base Addr    Size         Type   Attr      Idx    E Section Name        Object

    0x20000000   0x00000102   Data   RW           11    DATA                debug.o


    Execution Region ER_ZI (Base: 0x20000104, Size: 0x00000404, Max: 0xffffffff, ABSOLUTE)

    Base Addr    Size         Type   Attr      Idx    E Section Name        Object

    0x20000104   0x00000004   PAD
    0x20000108   0x00000400   Zero   RW            1    STACK               startup.o


==============================================================================

Image component sizes


      Code (inc. data)   RO Data    RW Data    ZI Data      Debug   Object Name

       236         48          0        258          0        240   debug.o
       164         30          0          0          0        212   main.o
        80         10          0          0          0        188   pll.o
       308        258          0          0       1024        708   startup.o
        96         22          0          0          0        204   systick.o

    ----------------------------------------------------------------------
       884        368          0        260       1028       1552   Object Totals
         0          0          0          0          0          0   (incl. Generated)
         0          0          0          2          4          0   (incl. Padding)

    ----------------------------------------------------------------------
         0          0          0          0          0          0   Library Totals
         0          0          0          0          0          0   (incl. Padding)

    ----------------------------------------------------------------------

==============================================================================


      Code (inc. data)   RO Data    RW Data    ZI Data      Debug   

       884        368          0        260       1028       1552   Grand Totals
       884        368          0        260       1028       1552   ELF Image Totals
       884        368          0        260          0          0   ROM Totals

==============================================================================

    Total RO  Size (Code + RO Data)                  884 (   0.86kB)
    Total RW  Size (RW Data + ZI Data)              1288 (   1.26kB)
    Total ROM Size (Code + RO Data + RW Data)       1144 (   1.12kB)

==============================================================================

