


ARM Macro Assembler    Page 1 


    1 00000000         ; SysTick.s
    2 00000000         ; Runs on LM3S1968
    3 00000000         ; Provide functions that initialize the SysTick module, 
                       wait at least a
    4 00000000         ; designated number of clock cycles, and wait approximat
                       ely a multiple
    5 00000000         ; of 10 milliseconds using busy wait.  After a power-on-
                       reset, the
    6 00000000         ; LM3S1968 gets its clock from the 12 MHz internal oscil
                       lator, which
    7 00000000         ; can vary by +/- 30%.  If you are using this module, yo
                       u probably need
    8 00000000         ; more precise timing, so it is assumed that you are usi
                       ng the PLL to
    9 00000000         ; set the system clock to 50 MHz.  This matters for the 
                       function
   10 00000000         ; SysTick_Wait10ms(), which will wait longer than 10 ms 
                       if the clock is
   11 00000000         ; slower.
   12 00000000         ; Daniel Valvano
   13 00000000         ; February 22, 2012
   14 00000000         
   15 00000000         ;  This example accompanies the book
   16 00000000         ;  "Embedded Systems: Introduction to the Arm Cortex M3"
                       ,
   17 00000000         ;  ISBN: 978-1469998749, Jonathan Valvano, copyright (c)
                        2012
   18 00000000         ;  Program 2.11, Section 2.6
   19 00000000         ;
   20 00000000         ;Copyright 2012 by Jonathan W. Valvano, valvano@mail.ute
                       xas.edu
   21 00000000         ;   You may use, edit, run or distribute this file
   22 00000000         ;   as long as the above copyright notice remains
   23 00000000         ;THIS SOFTWARE IS PROVIDED "AS IS".  NO WARRANTIES, WHET
                       HER EXPRESS, IMPLIED
   24 00000000         ;OR STATUTORY, INCLUDING, BUT NOT LIMITED TO, IMPLIED WA
                       RRANTIES OF
   25 00000000         ;MERCHANTABILITY AND FITNESS FOR A PARTICULAR PURPOSE AP
                       PLY TO THIS SOFTWARE.
   26 00000000         ;VALVANO SHALL NOT, IN ANY CIRCUMSTANCES, BE LIABLE FOR 
                       SPECIAL, INCIDENTAL,
   27 00000000         ;OR CONSEQUENTIAL DAMAGES, FOR ANY REASON WHATSOEVER.
   28 00000000         ;For more information about my classes, my research, and
                        my books, see
   29 00000000         ;http://users.ece.utexas.edu/~valvano/
   30 00000000         
   31 00000000 E000E010 
                       NVIC_ST_CTRL_R
                               EQU              0xE000E010
   32 00000000 E000E014 
                       NVIC_ST_RELOAD_R
                               EQU              0xE000E014
   33 00000000 E000E018 
                       NVIC_ST_CURRENT_R
                               EQU              0xE000E018
   34 00000000 00010000 
                       NVIC_ST_CTRL_COUNT
                               EQU              0x00010000  ; Count flag
   35 00000000 00000004 



ARM Macro Assembler    Page 2 


                       NVIC_ST_CTRL_CLK_SRC
                               EQU              0x00000004  ; Clock Source
   36 00000000 00000002 
                       NVIC_ST_CTRL_INTEN
                               EQU              0x00000002  ; Interrupt enable
   37 00000000 00000001 
                       NVIC_ST_CTRL_ENABLE
                               EQU              0x00000001  ; Counter mode
   38 00000000 00FFFFFF 
                       NVIC_ST_RELOAD_M
                               EQU              0x00FFFFFF  ; Counter load valu
                                                            e
   39 00000000         
   40 00000000                 AREA             |.text|, CODE, READONLY, ALIGN=
2
   41 00000000                 THUMB
   42 00000000                 EXPORT           SysTick_Init
   43 00000000                 EXPORT           SysTick_Wait
   44 00000000                 EXPORT           SysTick_Wait10ms
   45 00000000         
   46 00000000         ;------------SysTick_Init------------
   47 00000000         ; Initialize SysTick with busy wait running at bus clock
                       .
   48 00000000         ; Input: none
   49 00000000         ; Output: none
   50 00000000         ; Modifies: R0, R1
   51 00000000         SysTick_Init
   52 00000000         ; disable SysTick during setup
   53 00000000 4912            LDR              R1, =NVIC_ST_CTRL_R ; R1 = &NVI
                                                            C_ST_CTRL_R
   54 00000002 F04F 0000       MOV              R0, #0      ; R0 = 0
   55 00000006 6008            STR              R0, [R1]    ; [R1] = R0 = 0
   56 00000008         ; maximum reload value
   57 00000008 4911            LDR              R1, =NVIC_ST_RELOAD_R ; R1 = &N
                                                            VIC_ST_RELOAD_R
   58 0000000A 4812            LDR              R0, =NVIC_ST_RELOAD_M ;      ; 
                                                            R0 = NVIC_ST_RELOAD
                                                            _M
   59 0000000C 6008            STR              R0, [R1]    ; [R1] = R0 = NVIC_
                                                            ST_RELOAD_M
   60 0000000E         ; any write to current clears it
   61 0000000E 4912            LDR              R1, =NVIC_ST_CURRENT_R ; R1 = &
                                                            NVIC_ST_CURRENT_R
   62 00000010 F04F 0000       MOV              R0, #0      ; R0 = 0
   63 00000014 6008            STR              R0, [R1]    ; [R1] = R0 = 0
   64 00000016         ; enable SysTick with core clock
   65 00000016 490D            LDR              R1, =NVIC_ST_CTRL_R ; R1 = &NVI
                                                            C_ST_CTRL_R
   66 00000018         ; R0 = ENABLE and CLK_SRC bits set
   67 00000018 F04F 0005       MOV              R0, #(NVIC_ST_CTRL_ENABLE|NVIC_
ST_CTRL_CLK_SRC)
   68 0000001C 6008            STR              R0, [R1]    ; [R1] = R0 = (NVIC
                                                            _ST_CTRL_ENABLE|NVI
                                                            C_ST_CTRL_CLK_SRC)
   69 0000001E 4770            BX               LR          ; return
   70 00000020         
   71 00000020         ;------------SysTick_Wait------------
   72 00000020         ; Time delay using busy wait.
   73 00000020         ; Input: R0  delay parameter in units of the core clock 



ARM Macro Assembler    Page 3 


                       (units of 20 nsec for 50 MHz clock)
   74 00000020         ; Output: none
   75 00000020         ; Modifies: R1, R2, R3
   76 00000020         SysTick_Wait
   77 00000020         ; get the starting time (R2)
   78 00000020 490D            LDR              R1, =NVIC_ST_CURRENT_R ; R1 = &
                                                            NVIC_ST_CURRENT_R
   79 00000022 680A            LDR              R2, [R1]    ; R2 = [R1] = start
                                                            Time
   80 00000024         SysTick_Wait_loop
   81 00000024         ; determine the elapsed time (R3)
   82 00000024 680B            LDR              R3, [R1]    ; R3 = [R1] = curre
                                                            ntTime
   83 00000026 EBA2 0303       SUB              R3, R2, R3  ; R3 = R2 - R3 = st
                                                            artTime - currentTi
                                                            me
   84 0000002A         ; handle possible counter roll over by converting to 24-
                       bit subtraction
   85 0000002A F023 437F       AND              R3, R3, #0x00FFFFFF
   86 0000002E         ; is elapsed time (R3) <= delay (R0)?
   87 0000002E 4283            CMP              R3, R0
   88 00000030 D9F8            BLS              SysTick_Wait_loop
   89 00000032 4770            BX               LR          ; return
   90 00000034         
   91 00000034         ;------------SysTick_Wait10ms------------
   92 00000034         ; Time delay using busy wait.  This assumes 50 MHz clock
                       
   93 00000034         ; Input: R0  number of times to wait 10 ms before return
                       ing
   94 00000034         ; Output: none
   95 00000034         ; Modifies: R0
   96 00000034 0007A120 
                       DELAY10MS
                               EQU              500000      ; clock cycles in 1
                                                            0 ms (assumes 50 MH
                                                            z clock)
   97 00000034         SysTick_Wait10ms
   98 00000034 B510            PUSH             {R4, LR}    ; save current valu
                                                            e of R4 and LR
   99 00000036 0004            MOVS             R4, R0      ; R4 = R0 = remaini
                                                            ngWaits
  100 00000038 D004            BEQ              SysTick_Wait10ms_done 
                                                            ; R4 == 0, done
  101 0000003A         SysTick_Wait10ms_loop
  102 0000003A 4808            LDR              R0, =DELAY10MS ; R0 = DELAY10MS
                                                            
  103 0000003C F7FF FFFE       BL               SysTick_Wait ; wait 10 ms
  104 00000040 1E64            SUBS             R4, R4, #1  ; R4 = R4 - 1; rema
                                                            iningWaits--
  105 00000042 D8FA            BHI              SysTick_Wait10ms_loop ; if(R4 >
                                                             0), wait another 1
                                                            0 ms
  106 00000044         SysTick_Wait10ms_done
  107 00000044 E8BD 4010       POP              {R4, LR}    ; restore previous 
                                                            value of R4 and LR
  108 00000048 4770            BX               LR          ; return
  109 0000004A         
  110 0000004A 00 00           ALIGN                        ; make sure the end
                                                             of this section is



ARM Macro Assembler    Page 4 


                                                             aligned
  111 0000004C                 END                          ; end of file
              E000E010 
              E000E014 
              00FFFFFF 
              E000E018 
              0007A120 
Command Line: --debug --xref --cpu=Cortex-M3 --apcs=interwork --depend=SysTick.
d -oSysTick.o -IC:\Keil\ARM\RV31\INC -IC:\Keil\ARM\CMSIS\Include -IC:\Keil\ARM\
Inc\Luminary --list=SysTick.lst SysTick.s



ARM Macro Assembler    Page 1 Alphabetic symbol ordering
Relocatable symbols

.text 00000000

Symbol: .text
   Definitions
      At line 40 in file SysTick.s
   Uses
      None
Comment: .text unused
SysTick_Init 00000000

Symbol: SysTick_Init
   Definitions
      At line 51 in file SysTick.s
   Uses
      At line 42 in file SysTick.s
Comment: SysTick_Init used once
SysTick_Wait 00000020

Symbol: SysTick_Wait
   Definitions
      At line 76 in file SysTick.s
   Uses
      At line 43 in file SysTick.s
      At line 103 in file SysTick.s

SysTick_Wait10ms 00000034

Symbol: SysTick_Wait10ms
   Definitions
      At line 97 in file SysTick.s
   Uses
      At line 44 in file SysTick.s
Comment: SysTick_Wait10ms used once
SysTick_Wait10ms_done 00000044

Symbol: SysTick_Wait10ms_done
   Definitions
      At line 106 in file SysTick.s
   Uses
      At line 100 in file SysTick.s
Comment: SysTick_Wait10ms_done used once
SysTick_Wait10ms_loop 0000003A

Symbol: SysTick_Wait10ms_loop
   Definitions
      At line 101 in file SysTick.s
   Uses
      At line 105 in file SysTick.s
Comment: SysTick_Wait10ms_loop used once
SysTick_Wait_loop 00000024

Symbol: SysTick_Wait_loop
   Definitions
      At line 80 in file SysTick.s
   Uses
      At line 88 in file SysTick.s
Comment: SysTick_Wait_loop used once
7 symbols



ARM Macro Assembler    Page 1 Alphabetic symbol ordering
Absolute symbols

DELAY10MS 0007A120

Symbol: DELAY10MS
   Definitions
      At line 96 in file SysTick.s
   Uses
      At line 102 in file SysTick.s
Comment: DELAY10MS used once
NVIC_ST_CTRL_CLK_SRC 00000004

Symbol: NVIC_ST_CTRL_CLK_SRC
   Definitions
      At line 35 in file SysTick.s
   Uses
      At line 67 in file SysTick.s
Comment: NVIC_ST_CTRL_CLK_SRC used once
NVIC_ST_CTRL_COUNT 00010000

Symbol: NVIC_ST_CTRL_COUNT
   Definitions
      At line 34 in file SysTick.s
   Uses
      None
Comment: NVIC_ST_CTRL_COUNT unused
NVIC_ST_CTRL_ENABLE 00000001

Symbol: NVIC_ST_CTRL_ENABLE
   Definitions
      At line 37 in file SysTick.s
   Uses
      At line 67 in file SysTick.s
Comment: NVIC_ST_CTRL_ENABLE used once
NVIC_ST_CTRL_INTEN 00000002

Symbol: NVIC_ST_CTRL_INTEN
   Definitions
      At line 36 in file SysTick.s
   Uses
      None
Comment: NVIC_ST_CTRL_INTEN unused
NVIC_ST_CTRL_R E000E010

Symbol: NVIC_ST_CTRL_R
   Definitions
      At line 31 in file SysTick.s
   Uses
      At line 53 in file SysTick.s
      At line 65 in file SysTick.s

NVIC_ST_CURRENT_R E000E018

Symbol: NVIC_ST_CURRENT_R
   Definitions
      At line 33 in file SysTick.s
   Uses
      At line 61 in file SysTick.s
      At line 78 in file SysTick.s

NVIC_ST_RELOAD_M 00FFFFFF



ARM Macro Assembler    Page 2 Alphabetic symbol ordering
Absolute symbols


Symbol: NVIC_ST_RELOAD_M
   Definitions
      At line 38 in file SysTick.s
   Uses
      At line 58 in file SysTick.s
Comment: NVIC_ST_RELOAD_M used once
NVIC_ST_RELOAD_R E000E014

Symbol: NVIC_ST_RELOAD_R
   Definitions
      At line 32 in file SysTick.s
   Uses
      At line 57 in file SysTick.s
Comment: NVIC_ST_RELOAD_R used once
9 symbols
348 symbols in table
